// Jest Snapshot v1, https://goo.gl/fbAQLP

exports[`<Radio /> should render with label (white) 1`] = `
.c0 {
  cursor: pointer;
  display: flex;
  align-items: center;
  justify-content: center;
  appearance: none;
  width: 1.8rem;
  height: 1.8rem;
  border: 0.2rem solid #f231a5;
  border-radius: 50%;
  background-color: transparent;
  transition: background-color border 0.1s ease-in-out;
  outline: none;
}

.c0:focus {
  box-shadow: 0 0 0.5rem #f231a5;
}

.c0::before {
  content: '';
  position: absolute;
  width: 0.8rem;
  height: 0.8rem;
  border-radius: 50%;
  background-color: #f231a5;
  transition: opacity 0.1s ease-in-out;
  opacity: 0;
}

.c0:checked::before {
  opacity: 1;
}

.c1 {
  cursor: pointer;
  padding-left: 0.8rem;
  color: #FAFAFA;
  line-height: 1;
}

<div
  class="flex items-center"
>
  <input
    class="c0"
    id="check"
    type="radio"
    value="anyValue"
  />
  <label
    class="c1"
    for="check"
  >
    Radio
  </label>
</div>
`;
