// Jest Snapshot v1, https://goo.gl/fbAQLP

exports[`<Empty /> should render correctly 1`] = `
.c0 {
  display: flex;
  flex-direction: column;
  align-items: center;
  text-align: center;
}

.c1 {
  max-width: 100%;
}

.c2 {
  color: #f231a5;
  font-size: 2.8rem;
}

.c3 {
  color: #fafafa;
  font-size: 1.8rem;
  font-weight: 300;
  margin-bottom: 3.2rem;
}

.c4 {
  display: inline-flex;
  align-items: center;
  justify-content: center;
  background: linear-gradient(180deg,#ff5f5f 0%,#f062c0 50%);
  color: #FAFAFA;
  font-family: Poppins,-apple-system,BlinkMacSystemFont,'Segoe UI',Roboto,Oxygen,Ubuntu,Cantarell,'Open Sans','Helvetica Neue',sans-serif;
  border: 0;
  cursor: pointer;
  border-radius: 0.4rem;
  padding: 0.8rem;
  text-decoration: none;
  height: 5rem;
  font-size: 1.6rem;
  padding: 0.8rem 4.8rem;
}

.c4:focus {
  box-shadow: 0 0 0 3px #3CD3C1;
}

.c4:hover {
  background: linear-gradient(180deg, #e35565 0%, #d958a6 50%);
}

<body>
  <div>
    <main
      class="c0"
    >
      <img
        alt="A gamer in a couch playing videogame"
        class="c1"
        data-nimg="1"
        decoding="async"
        height="400"
        loading="lazy"
        role="image"
        src="/img/empty.svg"
        style="color: transparent;"
        width="400"
      />
      <h2
        class="c2"
      >
        A simple title
      </h2>
      <p
        class="c3"
      >
        A simple description
      </p>
      <a
        class="c4"
        href="/"
      >
        <span>
          Go back to store
        </span>
      </a>
    </main>
  </div>
</body>
`;
