// Jest Snapshot v1, https://goo.gl/fbAQLP

exports[`<GameInfo /> should render game informations 1`] = `
.c3 {
  position: absolute;
  top: 1.6rem;
  display: flex;
  align-items: center;
  font-weight: 600;
  color: #FAFAFA;
  z-index: 10;
  background-color: #3CD3C1;
  font-size: 1.4rem;
  padding: 0 2.4rem;
  height: 3.6rem;
  right: -2rem;
}

.c3::before {
  content: '';
  position: absolute;
  right: 0;
  border-style: solid;
  border-left-width: 0rem;
  border-right-color: transparent;
  border-bottom-color: transparent;
  border-bottom-width: 1rem;
}

.c3::before {
  border-left-color: #1f8a7d;
  border-top-color: #1f8a7d;
}

.c3::before {
  top: 3.6rem;
  border-top-width: 1rem;
  border-right-width: 2rem;
}

.c0 {
  position: relative;
  background: #FAFAFA;
  padding: 2.4rem;
}

.c0 .c2 {
  right: -1rem;
}

.c0 .c2:before {
  border-right-width: 1rem;
}

.c4 {
  font-size: 1.4rem;
  color: #8F8F8F;
  margin-bottom: 2.4rem;
}

.c5 {
  display: flex;
  flex-direction: column;
  align-items: center;
}

.c5 >button {
  width: 100%;
  margin-bottom: 0.8rem;
}

.c1 {
  color: #030517;
  position: relative;
  margin-bottom: 3.2rem;
  font-size: 2.0rem;
}

.c1::after {
  position: absolute;
  left: 0;
  bottom: -0.5rem;
  content: '';
  width: 5rem;
  border-bottom: 0.5rem solid #F231A5;
}

.c6 {
  display: inline-flex;
  align-items: center;
  justify-content: center;
  background: linear-gradient(180deg,#ff5f5f 0%,#f062c0 50%);
  color: #FAFAFA;
  font-family: Poppins,-apple-system,BlinkMacSystemFont,'Segoe UI',Roboto,Oxygen,Ubuntu,Cantarell,'Open Sans','Helvetica Neue',sans-serif;
  border: 0;
  cursor: pointer;
  border-radius: 0.4rem;
  padding: 0.8rem;
  text-decoration: none;
  height: 5rem;
  font-size: 1.6rem;
  padding: 0.8rem 4.8rem;
}

.c6:focus {
  box-shadow: 0 0 0 3px #3CD3C1;
}

.c6:hover {
  background: linear-gradient(180deg, #e35565 0%, #d958a6 50%);
}

.c6 svg {
  width: 1.5rem;
}

.c6 svg+span {
  margin-left: 0.8rem;
}

.c7 {
  display: inline-flex;
  align-items: center;
  justify-content: center;
  background: linear-gradient(180deg,#ff5f5f 0%,#f062c0 50%);
  color: #FAFAFA;
  font-family: Poppins,-apple-system,BlinkMacSystemFont,'Segoe UI',Roboto,Oxygen,Ubuntu,Cantarell,'Open Sans','Helvetica Neue',sans-serif;
  border: 0;
  cursor: pointer;
  border-radius: 0.4rem;
  padding: 0.8rem;
  text-decoration: none;
  height: 5rem;
  font-size: 1.6rem;
  padding: 0.8rem 4.8rem;
  background: none;
  color: #F231A5;
}

.c7:focus {
  box-shadow: 0 0 0 3px #3CD3C1;
}

.c7:hover {
  background: none;
}

.c7 svg {
  width: 1.5rem;
}

.c7 svg+span {
  margin-left: 0.8rem;
}

.c7:hover {
  color: #e20e8d;
}

@media (min-width: 768px) {
  .c0 .c2 {
    right: 2.4rem;
    top: 2.4rem;
    font-size: 1.8rem;
  }

  .c0 .c2:before {
    border: none;
  }
}

@media (min-width: 768px) {
  .c4 {
    max-width: 77rem;
  }
}

@media (min-width: 768px) {
  .c5 {
    flex-direction: row-reverse;
  }

  .c5 >button {
    width: initial;
    margin-bottom: 0;
  }
}

@media (min-width: 768px) {
  .c1 {
    font-size: 2.8rem;
  }
}

<div
  class="c0"
  data-cy="game-info"
>
  <h2
    class="c1"
  >
    My Game Title
  </h2>
  <div
    class="c2 c3"
  >
    $210.00
  </div>
  <p
    class="c4"
  >
    Game Description
  </p>
  <div
    class="c5"
  >
    <button
      aria-label="Add to cart"
      class="c6"
    >
      <svg
        aria-hidden="true"
        class="svg-inline--fa fa-cart-plus "
        data-icon="cart-plus"
        data-prefix="fas"
        focusable="false"
        role="img"
        viewBox="0 0 576 512"
        xmlns="http://www.w3.org/2000/svg"
      >
        <path
          d="M0 24C0 10.7 10.7 0 24 0L69.5 0c22 0 41.5 12.8 50.6 32l411 0c26.3 0 45.5 25 38.6 50.4l-41 152.3c-8.5 31.4-37 53.3-69.5 53.3l-288.5 0 5.4 28.5c2.2 11.3 12.1 19.5 23.6 19.5L488 336c13.3 0 24 10.7 24 24s-10.7 24-24 24l-288.3 0c-34.6 0-64.3-24.6-70.7-58.5L77.4 54.5c-.7-3.8-4-6.5-7.9-6.5L24 48C10.7 48 0 37.3 0 24zM128 464a48 48 0 1 1 96 0 48 48 0 1 1 -96 0zm336-48a48 48 0 1 1 0 96 48 48 0 1 1 0-96zM252 160c0 11 9 20 20 20l44 0 0 44c0 11 9 20 20 20s20-9 20-20l0-44 44 0c11 0 20-9 20-20s-9-20-20-20l-44 0 0-44c0-11-9-20-20-20s-20 9-20 20l0 44-44 0c-11 0-20 9-20 20z"
          fill="currentColor"
        />
      </svg>
      <span>
        Add to cart
      </span>
    </button>
    <button
      aria-label="Add to Wishlist"
      class="c7"
      style="filter: none;"
    >
      <svg
        aria-hidden="true"
        class="svg-inline--fa fa-heart "
        data-icon="heart"
        data-prefix="far"
        focusable="false"
        role="img"
        viewBox="0 0 512 512"
        xmlns="http://www.w3.org/2000/svg"
      >
        <path
          d="M225.8 468.2l-2.5-2.3L48.1 303.2C17.4 274.7 0 234.7 0 192.8l0-3.3c0-70.4 50-130.8 119.2-144C158.6 37.9 198.9 47 231 69.6c9 6.4 17.4 13.8 25 22.3c4.2-4.8 8.7-9.2 13.5-13.3c3.7-3.2 7.5-6.2 11.5-9c0 0 0 0 0 0C313.1 47 353.4 37.9 392.8 45.4C462 58.6 512 119.1 512 189.5l0 3.3c0 41.9-17.4 81.9-48.1 110.4L288.7 465.9l-2.5 2.3c-8.2 7.6-19 11.9-30.2 11.9s-22-4.2-30.2-11.9zM239.1 145c-.4-.3-.7-.7-1-1.1l-17.8-20-.1-.1s0 0 0 0c-23.1-25.9-58-37.7-92-31.2C81.6 101.5 48 142.1 48 189.5l0 3.3c0 28.5 11.9 55.8 32.8 75.2L256 430.7 431.2 268c20.9-19.4 32.8-46.7 32.8-75.2l0-3.3c0-47.3-33.6-88-80.1-96.9c-34-6.5-69 5.4-92 31.2c0 0 0 0-.1 .1s0 0-.1 .1l-17.8 20c-.3 .4-.7 .7-1 1.1c-4.5 4.5-10.6 7-16.9 7s-12.4-2.5-16.9-7z"
          fill="currentColor"
        />
      </svg>
      <span>
        Add to Wishlist
      </span>
    </button>
  </div>
</div>
`;
