// Jest Snapshot v1, https://goo.gl/fbAQLP

exports[`<GameCard /> should render correctly 1`] = `
.c0 {
  position: relative;
  display: flex;
  flex-direction: column;
  width: 100%;
  height: 100%;
  background-color: #FAFAFA;
  border-radius: 6px;
  text-decoration: none;
}

.c1 {
  position: relative;
  height: 14rem;
  min-height: 14rem;
  width: 100%;
  background-color: #f6f7f8;
  background-image: linear-gradient( to right,#f6f7f8 0%,#edeef1 20%,#f6f7f8 40%,#f6f7f8 100% );
  background-size: 80rem 14rem;
  overflow: hidden;
  animation: placeholderShimmer 1s linear infinite forwards;
}

.c1 img {
  object-fit: cover;
}

.c2 {
  display: flex;
  flex-direction: column;
  justify-content: space-between;
  position: relative;
  height: 100%;
  margin: 1.6rem;
}

.c3 {
  max-width: calc(100% - 2.5rem);
}

.c4 {
  font-size: 1.6rem;
  line-height: 1.6rem;
  font-weight: 600;
  color: #030517;
  overflow: hidden;
  text-overflow: ellipsis;
  white-space: nowrap;
}

.c5 {
  font-size: 1.4rem;
  font-weight: 600;
  color: #8F8F8F;
  word-wrap: break-word;
  overflow: hidden;
}

.c6 {
  position: absolute;
  right: -1rem;
  top: -0.5rem;
  color: #F231A5;
  cursor: pointer;
}

.c6 svg {
  width: 2.5rem;
}

.c8 {
  display: flex;
  align-items: center;
  justify-content: flex-end;
  margin-top: 0.8rem;
}

.c9 {
  display: inline-flex;
  font-weight: 600;
  height: 3rem;
  align-items: center;
  color: #FAFAFA;
  padding: 0 0.8rem;
  background-color: #3CD3C1;
  border-radius: 0.4rem;
  margin-right: calc(0.8rem / 2);
}

.c7 {
  display: inline-flex;
  align-items: center;
  justify-content: center;
  background: linear-gradient(180deg,#ff5f5f 0%,#f062c0 50%);
  color: #FAFAFA;
  font-family: Poppins,-apple-system,BlinkMacSystemFont,'Segoe UI',Roboto,Oxygen,Ubuntu,Cantarell,'Open Sans','Helvetica Neue',sans-serif;
  border: 0;
  cursor: pointer;
  border-radius: 0.4rem;
  padding: 0.8rem;
  text-decoration: none;
  height: 3rem;
  font-size: 1.2rem;
  background: none;
  color: #F231A5;
}

.c7:focus {
  box-shadow: 0 0 0 3px #3CD3C1;
}

.c7:hover {
  background: none;
}

.c7 svg {
  width: 1.5rem;
}

.c7 svg+span {
  margin-left: 0.8rem;
}

.c7:hover {
  color: #e20e8d;
}

.c10 {
  display: inline-flex;
  align-items: center;
  justify-content: center;
  background: linear-gradient(180deg,#ff5f5f 0%,#f062c0 50%);
  color: #FAFAFA;
  font-family: Poppins,-apple-system,BlinkMacSystemFont,'Segoe UI',Roboto,Oxygen,Ubuntu,Cantarell,'Open Sans','Helvetica Neue',sans-serif;
  border: 0;
  cursor: pointer;
  border-radius: 0.4rem;
  padding: 0.8rem;
  text-decoration: none;
  height: 3rem;
  font-size: 1.2rem;
}

.c10:focus {
  box-shadow: 0 0 0 3px #3CD3C1;
}

.c10:hover {
  background: linear-gradient(180deg, #e35565 0%, #d958a6 50%);
}

.c10 svg {
  width: 1.5rem;
}

.c10 svg+span {
  margin-left: 0.8rem;
}

<a
  class="c0"
  data-cy="game-card"
  href="/game/population-zero"
>
  <div
    class="c1 rounded-t-[6px] rounded-b-[0px]"
  >
    <img
      alt="Population Zero"
      data-nimg="fill"
      decoding="async"
      fetchpriority="high"
      sizes="100vw"
      src="/_next/image?url=https%3A%2F%2Fimages.unsplash.com%2Fphoto-1674461315270-d6b04eaff631&w=3840&q=75"
      srcset="/_next/image?url=https%3A%2F%2Fimages.unsplash.com%2Fphoto-1674461315270-d6b04eaff631&w=640&q=75 640w, /_next/image?url=https%3A%2F%2Fimages.unsplash.com%2Fphoto-1674461315270-d6b04eaff631&w=750&q=75 750w, /_next/image?url=https%3A%2F%2Fimages.unsplash.com%2Fphoto-1674461315270-d6b04eaff631&w=828&q=75 828w, /_next/image?url=https%3A%2F%2Fimages.unsplash.com%2Fphoto-1674461315270-d6b04eaff631&w=1080&q=75 1080w, /_next/image?url=https%3A%2F%2Fimages.unsplash.com%2Fphoto-1674461315270-d6b04eaff631&w=1200&q=75 1200w, /_next/image?url=https%3A%2F%2Fimages.unsplash.com%2Fphoto-1674461315270-d6b04eaff631&w=1920&q=75 1920w, /_next/image?url=https%3A%2F%2Fimages.unsplash.com%2Fphoto-1674461315270-d6b04eaff631&w=2048&q=75 2048w, /_next/image?url=https%3A%2F%2Fimages.unsplash.com%2Fphoto-1674461315270-d6b04eaff631&w=3840&q=75 3840w"
      style="position: absolute; height: 100%; width: 100%; left: 0px; top: 0px; right: 0px; bottom: 0px; color: transparent;"
    />
  </div>
  <div
    class="c2"
  >
    <div
      class="c3"
    >
      <h3
        class="c4"
      >
        Population Zero
      </h3>
      <h4
        class="c5"
      >
        Rockstar Games
      </h4>
    </div>
    <div
      class="c6"
    >
      <button
        aria-label="Add to Wishlist"
        class="c7"
        style="filter: none;"
      >
        <svg
          aria-hidden="true"
          class="svg-inline--fa fa-heart "
          data-icon="heart"
          data-prefix="far"
          focusable="false"
          role="img"
          viewBox="0 0 512 512"
          xmlns="http://www.w3.org/2000/svg"
        >
          <path
            d="M225.8 468.2l-2.5-2.3L48.1 303.2C17.4 274.7 0 234.7 0 192.8l0-3.3c0-70.4 50-130.8 119.2-144C158.6 37.9 198.9 47 231 69.6c9 6.4 17.4 13.8 25 22.3c4.2-4.8 8.7-9.2 13.5-13.3c3.7-3.2 7.5-6.2 11.5-9c0 0 0 0 0 0C313.1 47 353.4 37.9 392.8 45.4C462 58.6 512 119.1 512 189.5l0 3.3c0 41.9-17.4 81.9-48.1 110.4L288.7 465.9l-2.5 2.3c-8.2 7.6-19 11.9-30.2 11.9s-22-4.2-30.2-11.9zM239.1 145c-.4-.3-.7-.7-1-1.1l-17.8-20-.1-.1s0 0 0 0c-23.1-25.9-58-37.7-92-31.2C81.6 101.5 48 142.1 48 189.5l0 3.3c0 28.5 11.9 55.8 32.8 75.2L256 430.7 431.2 268c20.9-19.4 32.8-46.7 32.8-75.2l0-3.3c0-47.3-33.6-88-80.1-96.9c-34-6.5-69 5.4-92 31.2c0 0 0 0-.1 .1s0 0-.1 .1l-17.8 20c-.3 .4-.7 .7-1 1.1c-4.5 4.5-10.6 7-16.9 7s-12.4-2.5-16.9-7z"
            fill="currentColor"
          />
        </svg>
      </button>
    </div>
    <div
      class="c8"
    >
      <div
        class="c9"
      >
        $235.00
      </div>
      <button
        aria-label="Add to cart"
        class="c10"
      >
        <svg
          aria-hidden="true"
          class="svg-inline--fa fa-cart-plus "
          data-icon="cart-plus"
          data-prefix="fas"
          focusable="false"
          role="img"
          viewBox="0 0 576 512"
          xmlns="http://www.w3.org/2000/svg"
        >
          <path
            d="M0 24C0 10.7 10.7 0 24 0L69.5 0c22 0 41.5 12.8 50.6 32l411 0c26.3 0 45.5 25 38.6 50.4l-41 152.3c-8.5 31.4-37 53.3-69.5 53.3l-288.5 0 5.4 28.5c2.2 11.3 12.1 19.5 23.6 19.5L488 336c13.3 0 24 10.7 24 24s-10.7 24-24 24l-288.3 0c-34.6 0-64.3-24.6-70.7-58.5L77.4 54.5c-.7-3.8-4-6.5-7.9-6.5L24 48C10.7 48 0 37.3 0 24zM128 464a48 48 0 1 1 96 0 48 48 0 1 1 -96 0zm336-48a48 48 0 1 1 0 96 48 48 0 1 1 0-96zM252 160c0 11 9 20 20 20l44 0 0 44c0 11 9 20 20 20s20-9 20-20l0-44 44 0c11 0 20-9 20-20s-9-20-20-20l-44 0 0-44c0-11-9-20-20-20s-20 9-20 20l0 44-44 0c-11 0-20 9-20 20z"
            fill="currentColor"
          />
        </svg>
      </button>
    </div>
  </div>
</a>
`;
