// Jest Snapshot v1, https://goo.gl/fbAQLP

exports[`<Button /> should render the heading 1`] = `
<button
  class="bg-gradient-to-b from-orange to-pink text-[white] border-0 rounded-4 p-xxsmall
                h-[4rem] text-small px-medium py-xxsmall
                w-fit
            "
/>
`;
