// Jest Snapshot v1, https://goo.gl/fbAQLP

exports[`<FormSignIn /> should render the form 1`] = `
.c5 {
  display: block;
  font-size: 1.4rem;
  color: #030517;
  text-decoration: none;
  text-align: right;
}

.c5:hover {
  color: #0f1971;
}

.c7 {
  display: inline-flex;
  align-items: center;
  justify-content: center;
  background: linear-gradient(180deg,#ff5f5f 0%,#f062c0 50%);
  color: #FAFAFA;
  font-family: Poppins,-apple-system,BlinkMacSystemFont,'Segoe UI',Roboto,Oxygen,Ubuntu,Cantarell,'Open Sans','Helvetica Neue',sans-serif;
  border: 0;
  cursor: pointer;
  border-radius: 0.4rem;
  padding: 0.8rem;
  text-decoration: none;
  height: 5rem;
  font-size: 1.6rem;
  padding: 0.8rem 4.8rem;
  width: 100%;
}

.c7:focus {
  box-shadow: 0 0 0 3px #3CD3C1;
}

.c7:hover {
  background: linear-gradient(180deg, #e35565 0%, #d958a6 50%);
}

.c2 {
  display: flex;
  background-color: #EAEAEA;
  border-radius: 0.2rem;
  padding: 0 1.6rem;
  border: 0.2rem solid;
  border-color: #EAEAEA;
}

.c2:focus-within {
  box-shadow: 0 0 0.5rem #F231A5;
}

.c4 {
  color: #030517;
  font-family: Poppins,-apple-system,BlinkMacSystemFont,'Segoe UI',Roboto,Oxygen,Ubuntu,Cantarell,'Open Sans','Helvetica Neue',sans-serif;
  font-size: 1.6rem;
  padding: 0.8rem 0;
  padding-left: 1.6rem;
  background: transparent;
  border: 0;
  outline: none;
  width: 100%;
}

.c4:-webkit-autofill {
  -webkit-box-shadow: 0 0 0 2.4rem #EAEAEA inset;
  filter: none;
}

.c4:-webkit-autofill::first-line {
  font-family: Poppins,-apple-system,BlinkMacSystemFont,'Segoe UI',Roboto,Oxygen,Ubuntu,Cantarell,'Open Sans','Helvetica Neue',sans-serif;
  font-size: 1.6rem;
}

.c3 {
  display: flex;
  align-items: center;
  width: 2.2rem;
  color: #8F8F8F;
  order: 0;
}

.c3>svg {
  width: 2.2rem;
  height: 100%;
}

.c0 .c1 {
  margin: 0.8rem 0;
}

.c0 .c6 {
  margin: 3.2rem auto 1.6rem;
}

.c8 {
  font-size: 1.4rem;
  color: #030517;
  text-align: center;
}

.c8 a {
  color: #3CD3C1;
  text-decoration: none;
  border-bottom: 0.1rem solid #3CD3C1;
  transition: color,border,0.1s ease-in-out;
}

.c8 a:hover {
  color: #29b3a3;
  border-bottom: 0.1rem solid #29b3a3;
}

<body>
  <div>
    <div
      class="c0"
    >
      <form
        method="POST"
      >
        <div
          class="c1 "
        >
          <div
            class="c2"
          >
            <div
              class="c3"
            >
              <svg
                aria-hidden="true"
                class="svg-inline--fa fa-envelope "
                data-icon="envelope"
                data-prefix="fas"
                focusable="false"
                role="img"
                viewBox="0 0 512 512"
                xmlns="http://www.w3.org/2000/svg"
              >
                <path
                  d="M48 64C21.5 64 0 85.5 0 112c0 15.1 7.1 29.3 19.2 38.4L236.8 313.6c11.4 8.5 27 8.5 38.4 0L492.8 150.4c12.1-9.1 19.2-23.3 19.2-38.4c0-26.5-21.5-48-48-48L48 64zM0 176L0 384c0 35.3 28.7 64 64 64l384 0c35.3 0 64-28.7 64-64l0-208L294.4 339.2c-22.8 17.1-54 17.1-76.8 0L0 176z"
                  fill="currentColor"
                />
              </svg>
            </div>
            <input
              class="c4"
              name="email"
              placeholder="Email"
              type="email"
              value=""
            />
          </div>
        </div>
        <div
          class="c1 "
        >
          <div
            class="c2"
          >
            <div
              class="c3"
            >
              <svg
                aria-hidden="true"
                class="svg-inline--fa fa-lock "
                data-icon="lock"
                data-prefix="fas"
                focusable="false"
                role="img"
                viewBox="0 0 448 512"
                xmlns="http://www.w3.org/2000/svg"
              >
                <path
                  d="M144 144l0 48 160 0 0-48c0-44.2-35.8-80-80-80s-80 35.8-80 80zM80 192l0-48C80 64.5 144.5 0 224 0s144 64.5 144 144l0 48 16 0c35.3 0 64 28.7 64 64l0 192c0 35.3-28.7 64-64 64L64 512c-35.3 0-64-28.7-64-64L0 256c0-35.3 28.7-64 64-64l16 0z"
                  fill="currentColor"
                />
              </svg>
            </div>
            <input
              class="c4"
              name="password"
              placeholder="Password"
              type="password"
              value=""
            />
          </div>
        </div>
        <a
          class="c5"
          href="/forgot-password"
        >
          Forgot your password?
        </a>
        <button
          class="c6 c7"
          type="submit"
        >
          <span>
            <span>
              Sign in now
            </span>
          </span>
        </button>
        <div
          class="c8"
        >
          Donâ€™t have an account? 
          <a
            href="/sign-up"
          >
            Sign up
          </a>
        </div>
      </form>
    </div>
  </div>
</body>
`;
